data/101_ObjectCategories/accordion/image_0001.jpg
data/101_ObjectCategories/airplanes/image_0001.jpg
data/101_ObjectCategories/anchor/image_0001.jpg
data/101_ObjectCategories/ant/image_0001.jpg
data/101_ObjectCategories/BACKGROUND_Google/image_0001.jpg
data/101_ObjectCategories/barrel/image_0001.jpg
data/101_ObjectCategories/bass/image_0001.jpg
data/101_ObjectCategories/beaver/image_0001.jpg
data/101_ObjectCategories/binocular/image_0001.jpg
data/101_ObjectCategories/bonsai/image_0001.jpg
data/101_ObjectCategories/brain/image_0001.jpg
data/101_ObjectCategories/brontosaurus/image_0001.jpg
data/101_ObjectCategories/buddha/image_0001.jpg
data/101_ObjectCategories/butterfly/image_0001.jpg
data/101_ObjectCategories/camera/image_0001.jpg
data/101_ObjectCategories/cannon/image_0001.jpg
data/101_ObjectCategories/car_side/image_0001.jpg
data/101_ObjectCategories/ceiling_fan/image_0001.jpg
data/101_ObjectCategories/cellphone/image_0001.jpg
data/101_ObjectCategories/chair/image_0001.jpg
data/101_ObjectCategories/chandelier/image_0001.jpg
data/101_ObjectCategories/cougar_body/image_0001.jpg
data/101_ObjectCategories/cougar_face/image_0001.jpg
data/101_ObjectCategories/crab/image_0001.jpg
data/101_ObjectCategories/crayfish/image_0001.jpg
data/101_ObjectCategories/crocodile/image_0001.jpg
data/101_ObjectCategories/crocodile_head/image_0001.jpg
data/101_ObjectCategories/cup/image_0001.jpg
data/101_ObjectCategories/dalmatian/image_0001.jpg
data/101_ObjectCategories/dollar_bill/image_0001.jpg
data/101_ObjectCategories/dolphin/image_0001.jpg
data/101_ObjectCategories/dragonfly/image_0001.jpg
data/101_ObjectCategories/electric_guitar/image_0001.jpg
data/101_ObjectCategories/elephant/image_0001.jpg
data/101_ObjectCategories/emu/image_0001.jpg
data/101_ObjectCategories/euphonium/image_0001.jpg
data/101_ObjectCategories/ewer/image_0001.jpg
data/101_ObjectCategories/Faces/image_0001.jpg
data/101_ObjectCategories/Faces_easy/image_0001.jpg
data/101_ObjectCategories/ferry/image_0001.jpg
data/101_ObjectCategories/flamingo/image_0001.jpg
data/101_ObjectCategories/flamingo_head/image_0001.jpg
data/101_ObjectCategories/garfield/image_0001.jpg
data/101_ObjectCategories/gerenuk/image_0001.jpg
data/101_ObjectCategories/gramophone/image_0001.jpg
data/101_ObjectCategories/grand_piano/image_0001.jpg
data/101_ObjectCategories/hawksbill/image_0001.jpg
data/101_ObjectCategories/headphone/image_0001.jpg
data/101_ObjectCategories/hedgehog/image_0001.jpg
data/101_ObjectCategories/helicopter/image_0001.jpg
data/101_ObjectCategories/ibis/image_0001.jpg
data/101_ObjectCategories/inline_skate/image_0001.jpg
data/101_ObjectCategories/joshua_tree/image_0001.jpg
data/101_ObjectCategories/kangaroo/image_0001.jpg
data/101_ObjectCategories/ketch/image_0001.jpg
data/101_ObjectCategories/lamp/image_0001.jpg
data/101_ObjectCategories/laptop/image_0001.jpg
data/101_ObjectCategories/Leopards/image_0001.jpg
data/101_ObjectCategories/llama/image_0001.jpg
data/101_ObjectCategories/lobster/image_0001.jpg
data/101_ObjectCategories/lotus/image_0001.jpg
data/101_ObjectCategories/mandolin/image_0001.jpg
data/101_ObjectCategories/mayfly/image_0001.jpg
data/101_ObjectCategories/menorah/image_0001.jpg
data/101_ObjectCategories/metronome/image_0001.jpg
data/101_ObjectCategories/minaret/image_0001.jpg
data/101_ObjectCategories/Motorbikes/image_0001.jpg
data/101_ObjectCategories/nautilus/image_0001.jpg
data/101_ObjectCategories/octopus/image_0001.jpg
data/101_ObjectCategories/okapi/image_0001.jpg
data/101_ObjectCategories/pagoda/image_0001.jpg
data/101_ObjectCategories/panda/image_0001.jpg
data/101_ObjectCategories/pigeon/image_0001.jpg
data/101_ObjectCategories/pizza/image_0001.jpg
data/101_ObjectCategories/platypus/image_0001.jpg
data/101_ObjectCategories/pyramid/image_0001.jpg
data/101_ObjectCategories/revolver/image_0001.jpg
data/101_ObjectCategories/rhino/image_0001.jpg
data/101_ObjectCategories/rooster/image_0001.jpg
data/101_ObjectCategories/saxophone/image_0001.jpg
data/101_ObjectCategories/schooner/image_0001.jpg
data/101_ObjectCategories/scissors/image_0001.jpg
data/101_ObjectCategories/scorpion/image_0001.jpg
data/101_ObjectCategories/sea_horse/image_0001.jpg
data/101_ObjectCategories/snoopy/image_0001.jpg
data/101_ObjectCategories/soccer_ball/image_0001.jpg
data/101_ObjectCategories/stapler/image_0001.jpg
data/101_ObjectCategories/starfish/image_0001.jpg
data/101_ObjectCategories/stegosaurus/image_0001.jpg
data/101_ObjectCategories/stop_sign/image_0001.jpg
data/101_ObjectCategories/strawberry/image_0001.jpg
data/101_ObjectCategories/sunflower/image_0001.jpg
data/101_ObjectCategories/tick/image_0001.jpg
data/101_ObjectCategories/trilobite/image_0001.jpg
data/101_ObjectCategories/umbrella/image_0001.jpg
data/101_ObjectCategories/watch/image_0001.jpg
data/101_ObjectCategories/water_lilly/image_0001.jpg
data/101_ObjectCategories/wheelchair/image_0001.jpg
data/101_ObjectCategories/wild_cat/image_0001.jpg
data/101_ObjectCategories/windsor_chair/image_0001.jpg
data/101_ObjectCategories/wrench/image_0001.jpg
data/101_ObjectCategories/yin_yang/image_0001.jpg
